{
  "id": 1,
  "firstName": "Damián",
  "middleName": "Emiliano",
  "lastName": "Martínez",
  "dateOfBirth": "1992-09-02T01:00:00+01:00",
  "squadNumber": 23,
  "position": "Goalkeeper",
  "abbrPosition": "GK",
  "team": "Aston Villa FC",
  "league": "Premier League",
  "starting11": false
}
