{
  "id": 13,
  "firstName": "Harvey",
  "middleName": "The Power",
  "lastName": "Sembhy",
  "dateOfBirth": "1066-06-06T14:30:23.234Z",
  "squadNumber": 69,
  "position": "Everywhere",
  "abbrPosition": "EW",
  "team": "Ninja Warriors",
  "league": "Answer under 1100s",
  "starting11": false
}
